{"level":"info","message":"::1 - - [22/Jun/2026:16:12:34 +0000] \"GET / HTTP/1.1\" - - \"-\" \"Mozilla/5.0 (Windows NT 10.0; Win64; x64) AppleWebKit/537.36 (KHTML, like Gecko) Chrome/149.0.0.0 Safari/537.36\"","service":"school-management"}
{"level":"info","message":"::1 - - [22/Jun/2026:16:14:10 +0000] \"GET / HTTP/1.1\" - - \"-\" \"Mozilla/5.0 (Windows NT 10.0; Win64; x64) AppleWebKit/537.36 (KHTML, like Gecko) Chrome/149.0.0.0 Safari/537.36\"","service":"school-management"}
{"level":"info","message":"::1 - - [22/Jun/2026:16:19:00 +0000] \"GET / HTTP/1.1\" - - \"-\" \"Mozilla/5.0 (Windows NT 10.0; Win64; x64) AppleWebKit/537.36 (KHTML, like Gecko) Chrome/149.0.0.0 Safari/537.36\"","service":"school-management"}
{"level":"info","message":"::1 - - [22/Jun/2026:16:19:38 +0000] \"GET / HTTP/1.1\" - - \"-\" \"Mozilla/5.0 (Windows NT 10.0; Win64; x64) AppleWebKit/537.36 (KHTML, like Gecko) Chrome/149.0.0.0 Safari/537.36\"","service":"school-management"}
{"level":"info","message":"Hello from School-Management","service":"school-management"}
{"level":"info","message":"::1 - - [22/Jun/2026:16:30:53 +0000] \"GET / HTTP/1.1\" 200 15 \"-\" \"Mozilla/5.0 (Windows NT 10.0; Win64; x64) AppleWebKit/537.36 (KHTML, like Gecko) Chrome/149.0.0.0 Safari/537.36\"","service":"school-management"}
{"level":"info","message":"::1 - - [22/Jun/2026:16:30:53 +0000] \"GET /favicon.ico HTTP/1.1\" 404 150 \"-\" \"Mozilla/5.0 (Windows NT 10.0; Win64; x64) AppleWebKit/537.36 (KHTML, like Gecko) Chrome/149.0.0.0 Safari/537.36\"","service":"school-management"}
{"level":"info","message":"::1 - - [02/Jul/2026:11:51:25 +0000] \"POST /api/subjects HTTP/1.1\" 401 35 \"-\" \"PostmanRuntime/7.51.1\"","service":"school-management"}
{"level":"info","message":"::1 - - [02/Jul/2026:11:57:43 +0000] \"POST /api/auth/login HTTP/1.1\" 400 101 \"-\" \"PostmanRuntime/7.51.1\"","service":"school-management"}
{"level":"error","message":"Login error: data and hash arguments required","service":"school-management"}
{"level":"info","message":"::1 - - [02/Jul/2026:11:58:06 +0000] \"POST /api/auth/login HTTP/1.1\" 500 1123 \"-\" \"PostmanRuntime/7.51.1\"","service":"school-management"}
{"level":"error","message":"Login error: data and hash arguments required","service":"school-management"}
{"level":"info","message":"::1 - - [02/Jul/2026:12:00:02 +0000] \"POST /api/auth/login HTTP/1.1\" 500 1123 \"-\" \"PostmanRuntime/7.51.1\"","service":"school-management"}
{"level":"info","message":"User admin@schoolted.com logged in","service":"school-management"}
{"level":"info","message":"::1 - - [02/Jul/2026:12:09:17 +0000] \"POST /api/auth/login HTTP/1.1\" 200 338 \"-\" \"PostmanRuntime/7.51.1\"","service":"school-management"}
{"level":"info","message":"User authenticated: admin@schoolted.com (ADMIN)","service":"school-management"}
{"level":"info","message":"Creating subject...","service":"school-management"}
{"level":"info","message":"Subject MATH-8 created successfully","service":"school-management"}
{"level":"info","message":"Subject created successfully!","service":"school-management"}
{"level":"info","message":"::1 - - [02/Jul/2026:12:16:30 +0000] \"POST /api/subjects HTTP/1.1\" 201 335 \"-\" \"PostmanRuntime/7.51.1\"","service":"school-management"}
{"level":"info","message":"User authenticated: admin@schoolted.com (ADMIN)","service":"school-management"}
{"level":"info","message":"Creating subject...","service":"school-management"}
{"level":"info","message":"Subject ENG-8 created successfully","service":"school-management"}
{"level":"info","message":"Subject created successfully!","service":"school-management"}
{"level":"info","message":"::1 - - [02/Jul/2026:12:25:24 +0000] \"POST /api/subjects HTTP/1.1\" 201 330 \"-\" \"PostmanRuntime/7.51.1\"","service":"school-management"}
{"level":"info","message":"User authenticated: admin@schoolted.com (ADMIN)","service":"school-management"}
{"level":"info","message":"Creating subject...","service":"school-management"}
{"level":"info","message":"Subject ZUL-8 created successfully","service":"school-management"}
{"level":"info","message":"Subject created successfully!","service":"school-management"}
{"level":"info","message":"::1 - - [02/Jul/2026:12:26:53 +0000] \"POST /api/subjects HTTP/1.1\" 201 330 \"-\" \"PostmanRuntime/7.51.1\"","service":"school-management"}
{"level":"info","message":"User authenticated: admin@schoolted.com (ADMIN)","service":"school-management"}
{"level":"info","message":"Creating subject...","service":"school-management"}
{"level":"info","message":"Subject NS-8 created successfully","service":"school-management"}
{"level":"info","message":"Subject created successfully!","service":"school-management"}
{"level":"info","message":"::1 - - [02/Jul/2026:12:28:48 +0000] \"POST /api/subjects HTTP/1.1\" 201 337 \"-\" \"PostmanRuntime/7.51.1\"","service":"school-management"}
{"level":"info","message":"User authenticated: admin@schoolted.com (ADMIN)","service":"school-management"}
{"level":"info","message":"Creating subject...","service":"school-management"}
{"level":"info","message":"Subject SS-8 created successfully","service":"school-management"}
{"level":"info","message":"Subject created successfully!","service":"school-management"}
{"level":"info","message":"::1 - - [02/Jul/2026:13:39:05 +0000] \"POST /api/subjects HTTP/1.1\" 201 336 \"-\" \"PostmanRuntime/7.51.1\"","service":"school-management"}
{"level":"info","message":"User authenticated: admin@schoolted.com (ADMIN)","service":"school-management"}
{"level":"info","message":"Creating subject...","service":"school-management"}
{"level":"info","message":"Subject LO-8 created successfully","service":"school-management"}
{"level":"info","message":"Subject created successfully!","service":"school-management"}
{"level":"info","message":"::1 - - [02/Jul/2026:13:39:35 +0000] \"POST /api/subjects HTTP/1.1\" 201 338 \"-\" \"PostmanRuntime/7.51.1\"","service":"school-management"}
{"level":"info","message":"User authenticated: admin@schoolted.com (ADMIN)","service":"school-management"}
{"level":"info","message":"Creating subject...","service":"school-management"}
{"level":"info","message":"Subject AC-8 created successfully","service":"school-management"}
{"level":"info","message":"Subject created successfully!","service":"school-management"}
{"level":"info","message":"::1 - - [02/Jul/2026:13:40:39 +0000] \"POST /api/subjects HTTP/1.1\" 201 336 \"-\" \"PostmanRuntime/7.51.1\"","service":"school-management"}
{"level":"info","message":"User authenticated: admin@schoolted.com (ADMIN)","service":"school-management"}
{"level":"info","message":"Creating subject...","service":"school-management"}
{"level":"info","message":"Subject MATH-9 created successfully","service":"school-management"}
{"level":"info","message":"Subject created successfully!","service":"school-management"}
{"level":"info","message":"::1 - - [02/Jul/2026:13:43:01 +0000] \"POST /api/subjects HTTP/1.1\" 201 335 \"-\" \"PostmanRuntime/7.51.1\"","service":"school-management"}
{"level":"info","message":"User authenticated: admin@schoolted.com (ADMIN)","service":"school-management"}
{"level":"info","message":"Creating subject...","service":"school-management"}
{"level":"info","message":"Subject ENG-9 created successfully","service":"school-management"}
{"level":"info","message":"Subject created successfully!","service":"school-management"}
{"level":"info","message":"::1 - - [02/Jul/2026:13:43:45 +0000] \"POST /api/subjects HTTP/1.1\" 201 330 \"-\" \"PostmanRuntime/7.51.1\"","service":"school-management"}
{"level":"info","message":"User authenticated: admin@schoolted.com (ADMIN)","service":"school-management"}
{"level":"info","message":"Creating subject...","service":"school-management"}
{"level":"info","message":"Subject ZUL-9 created successfully","service":"school-management"}
{"level":"info","message":"Subject created successfully!","service":"school-management"}
{"level":"info","message":"::1 - - [02/Jul/2026:13:44:14 +0000] \"POST /api/subjects HTTP/1.1\" 201 330 \"-\" \"PostmanRuntime/7.51.1\"","service":"school-management"}
{"level":"info","message":"User authenticated: admin@schoolted.com (ADMIN)","service":"school-management"}
{"level":"info","message":"Creating subject...","service":"school-management"}
{"level":"info","message":"Subject NS-9 created successfully","service":"school-management"}
{"level":"info","message":"Subject created successfully!","service":"school-management"}
{"level":"info","message":"::1 - - [02/Jul/2026:13:44:37 +0000] \"POST /api/subjects HTTP/1.1\" 201 337 \"-\" \"PostmanRuntime/7.51.1\"","service":"school-management"}
{"level":"info","message":"User authenticated: admin@schoolted.com (ADMIN)","service":"school-management"}
{"level":"info","message":"Creating subject...","service":"school-management"}
{"level":"info","message":"Subject SS-9 created successfully","service":"school-management"}
{"level":"info","message":"Subject created successfully!","service":"school-management"}
{"level":"info","message":"::1 - - [02/Jul/2026:13:44:59 +0000] \"POST /api/subjects HTTP/1.1\" 201 336 \"-\" \"PostmanRuntime/7.51.1\"","service":"school-management"}
{"level":"info","message":"User authenticated: admin@schoolted.com (ADMIN)","service":"school-management"}
{"level":"info","message":"Creating subject...","service":"school-management"}
{"level":"info","message":"Subject LO-9 created successfully","service":"school-management"}
{"level":"info","message":"Subject created successfully!","service":"school-management"}
{"level":"info","message":"::1 - - [02/Jul/2026:13:46:23 +0000] \"POST /api/subjects HTTP/1.1\" 201 338 \"-\" \"PostmanRuntime/7.51.1\"","service":"school-management"}
{"level":"info","message":"User authenticated: admin@schoolted.com (ADMIN)","service":"school-management"}
{"level":"info","message":"Creating subject...","service":"school-management"}
{"level":"info","message":"Subject AC-9 created successfully","service":"school-management"}
{"level":"info","message":"Subject created successfully!","service":"school-management"}
{"level":"info","message":"::1 - - [02/Jul/2026:13:47:24 +0000] \"POST /api/subjects HTTP/1.1\" 201 336 \"-\" \"PostmanRuntime/7.51.1\"","service":"school-management"}
{"level":"info","message":"User authenticated: admin@schoolted.com (ADMIN)","service":"school-management"}
{"level":"info","message":"Creating class...","service":"school-management"}
{"level":"info","message":"Class 8A (grade 8) created successfully","service":"school-management"}
{"level":"info","message":"Class created successfully!","service":"school-management"}
{"level":"info","message":"::1 - - [02/Jul/2026:13:59:43 +0000] \"POST /api/classes HTTP/1.1\" 201 361 \"-\" \"PostmanRuntime/7.51.1\"","service":"school-management"}
{"level":"info","message":"User authenticated: admin@schoolted.com (ADMIN)","service":"school-management"}
{"level":"info","message":"Creating class...","service":"school-management"}
{"level":"info","message":"Class 8B (grade 8) created successfully","service":"school-management"}
{"level":"info","message":"Class created successfully!","service":"school-management"}
{"level":"info","message":"::1 - - [02/Jul/2026:14:03:49 +0000] \"POST /api/classes HTTP/1.1\" 201 361 \"-\" \"PostmanRuntime/7.51.1\"","service":"school-management"}
{"level":"info","message":"User authenticated: admin@schoolted.com (ADMIN)","service":"school-management"}
{"level":"info","message":"Creating class...","service":"school-management"}
{"level":"info","message":"Class 8C (grade 8) created successfully","service":"school-management"}
{"level":"info","message":"Class created successfully!","service":"school-management"}
{"level":"info","message":"::1 - - [02/Jul/2026:14:04:15 +0000] \"POST /api/classes HTTP/1.1\" 201 361 \"-\" \"PostmanRuntime/7.51.1\"","service":"school-management"}
{"level":"info","message":"User authenticated: admin@schoolted.com (ADMIN)","service":"school-management"}
{"level":"info","message":"Creating class...","service":"school-management"}
{"level":"info","message":"Class 9A (grade 9) created successfully","service":"school-management"}
{"level":"info","message":"Class created successfully!","service":"school-management"}
{"level":"info","message":"::1 - - [02/Jul/2026:14:05:33 +0000] \"POST /api/classes HTTP/1.1\" 201 361 \"-\" \"PostmanRuntime/7.51.1\"","service":"school-management"}
{"level":"info","message":"User authenticated: admin@schoolted.com (ADMIN)","service":"school-management"}
{"level":"info","message":"Creating class...","service":"school-management"}
{"level":"error","message":"Error creating class: E11000 duplicate key error collection: school_management.classes index: name_1_grade_1 dup key: { name: \"9A\", grade: \"9\" }","service":"school-management"}
{"level":"info","message":"::1 - - [02/Jul/2026:14:05:48 +0000] \"POST /api/classes HTTP/1.1\" 409 80 \"-\" \"PostmanRuntime/7.51.1\"","service":"school-management"}
{"level":"info","message":"User authenticated: admin@schoolted.com (ADMIN)","service":"school-management"}
{"level":"info","message":"Creating class...","service":"school-management"}
{"level":"info","message":"Class 9B (grade 9) created successfully","service":"school-management"}
{"level":"info","message":"Class created successfully!","service":"school-management"}
{"level":"info","message":"::1 - - [02/Jul/2026:14:06:04 +0000] \"POST /api/classes HTTP/1.1\" 201 361 \"-\" \"PostmanRuntime/7.51.1\"","service":"school-management"}
{"level":"info","message":"User authenticated: admin@schoolted.com (ADMIN)","service":"school-management"}
{"level":"info","message":"Creating class...","service":"school-management"}
{"level":"info","message":"Class 9C (grade 9) created successfully","service":"school-management"}
{"level":"info","message":"Class created successfully!","service":"school-management"}
{"level":"info","message":"::1 - - [02/Jul/2026:14:06:27 +0000] \"POST /api/classes HTTP/1.1\" 201 361 \"-\" \"PostmanRuntime/7.51.1\"","service":"school-management"}
{"level":"info","message":"User admin@schoolted.com logged in","service":"school-management","timestamp":"2026-07-02T17:10:59.086Z"}
{"level":"info","message":"::1 - - [02/Jul/2026:17:10:59 +0000] \"POST /api/auth/login HTTP/1.1\" 200 338 \"http://localhost:5173/\" \"Mozilla/5.0 (Windows NT 10.0; Win64; x64) AppleWebKit/537.36 (KHTML, like Gecko) Chrome/149.0.0.0 Safari/537.36\"","service":"school-management","timestamp":"2026-07-02T17:10:59.109Z"}
{"level":"info","message":"User admin@schoolted.com logged in","service":"school-management","timestamp":"2026-07-02T17:17:28.174Z"}
{"level":"info","message":"::1 - - [02/Jul/2026:17:17:28 +0000] \"POST /api/auth/login HTTP/1.1\" 200 338 \"http://localhost:5173/\" \"Mozilla/5.0 (Linux; Android 15; Pixel 9) AppleWebKit/537.36 (KHTML, like Gecko) Chrome/149.0.0.0 Mobile Safari/537.36\"","service":"school-management","timestamp":"2026-07-02T17:17:28.180Z"}
{"level":"info","message":"User admin@schoolted.com logged in","service":"school-management","timestamp":"2026-07-02T17:18:55.397Z"}
{"level":"info","message":"::1 - - [02/Jul/2026:17:18:55 +0000] \"POST /api/auth/login HTTP/1.1\" 200 338 \"http://localhost:5173/\" \"Mozilla/5.0 (Windows NT 10.0; Win64; x64) AppleWebKit/537.36 (KHTML, like Gecko) Chrome/149.0.0.0 Safari/537.36\"","service":"school-management","timestamp":"2026-07-02T17:18:55.399Z"}
{"level":"info","message":"User admin@schoolted.com logged in","service":"school-management","timestamp":"2026-07-02T17:30:18.314Z"}
{"level":"info","message":"::1 - - [02/Jul/2026:17:30:18 +0000] \"POST /api/auth/login HTTP/1.1\" 200 338 \"http://localhost:5173/\" \"Mozilla/5.0 (Windows NT 10.0; Win64; x64) AppleWebKit/537.36 (KHTML, like Gecko) Chrome/149.0.0.0 Safari/537.36\"","service":"school-management","timestamp":"2026-07-02T17:30:18.327Z"}
{"level":"info","message":"User authenticated: admin@schoolted.com (ADMIN)","service":"school-management","timestamp":"2026-07-02T17:30:26.022Z"}
{"level":"info","message":"::1 - - [02/Jul/2026:17:30:26 +0000] \"GET /api/auth/session HTTP/1.1\" 200 2 \"http://localhost:5173/\" \"Mozilla/5.0 (Windows NT 10.0; Win64; x64) AppleWebKit/537.36 (KHTML, like Gecko) Chrome/149.0.0.0 Safari/537.36\"","service":"school-management","timestamp":"2026-07-02T17:30:26.030Z"}
{"level":"info","message":"User admin@schoolted.com logged in","service":"school-management","timestamp":"2026-07-02T17:31:27.364Z"}
{"level":"info","message":"::1 - - [02/Jul/2026:17:31:27 +0000] \"POST /api/auth/login HTTP/1.1\" 200 338 \"http://localhost:5173/\" \"Mozilla/5.0 (Windows NT 10.0; Win64; x64) AppleWebKit/537.36 (KHTML, like Gecko) Chrome/149.0.0.0 Safari/537.36\"","service":"school-management","timestamp":"2026-07-02T17:31:27.365Z"}
{"level":"info","message":"User authenticated: admin@schoolted.com (ADMIN)","service":"school-management","timestamp":"2026-07-02T17:31:36.367Z"}
{"level":"info","message":"::1 - - [02/Jul/2026:17:31:36 +0000] \"GET /api/auth/session HTTP/1.1\" 200 2 \"http://localhost:5173/\" \"Mozilla/5.0 (Windows NT 10.0; Win64; x64) AppleWebKit/537.36 (KHTML, like Gecko) Chrome/149.0.0.0 Safari/537.36\"","service":"school-management","timestamp":"2026-07-02T17:31:36.370Z"}
{"level":"info","message":"User admin@schoolted.com logged in","service":"school-management","timestamp":"2026-07-02T17:32:06.716Z"}
{"level":"info","message":"::1 - - [02/Jul/2026:17:32:06 +0000] \"POST /api/auth/login HTTP/1.1\" 200 338 \"http://localhost:5173/\" \"Mozilla/5.0 (Linux; Android 15; Pixel 9) AppleWebKit/537.36 (KHTML, like Gecko) Chrome/149.0.0.0 Mobile Safari/537.36\"","service":"school-management","timestamp":"2026-07-02T17:32:06.718Z"}
{"level":"info","message":"User authenticated: admin@schoolted.com (ADMIN)","service":"school-management","timestamp":"2026-07-02T17:32:53.931Z"}
{"level":"info","message":"::1 - - [02/Jul/2026:17:32:53 +0000] \"GET /api/auth/session HTTP/1.1\" 304 - \"http://localhost:5173/\" \"Mozilla/5.0 (Linux; Android 15; Pixel 9) AppleWebKit/537.36 (KHTML, like Gecko) Chrome/149.0.0.0 Mobile Safari/537.36\"","service":"school-management","timestamp":"2026-07-02T17:32:53.935Z"}
{"level":"info","message":"User admin@schoolted.com logged in","service":"school-management","timestamp":"2026-07-04T14:24:29.486Z"}
{"level":"info","message":"::1 - - [04/Jul/2026:14:24:29 +0000] \"POST /api/auth/login HTTP/1.1\" 200 338 \"http://localhost:5173/\" \"Mozilla/5.0 (Windows NT 10.0; Win64; x64) AppleWebKit/537.36 (KHTML, like Gecko) Chrome/149.0.0.0 Safari/537.36\"","service":"school-management","timestamp":"2026-07-04T14:24:29.496Z"}
{"level":"info","message":"User authenticated: admin@schoolted.com (ADMIN)","service":"school-management","timestamp":"2026-07-04T14:24:39.788Z"}
{"level":"info","message":"::1 - - [04/Jul/2026:14:24:39 +0000] \"GET /api/auth/session HTTP/1.1\" 200 125 \"http://localhost:5173/\" \"Mozilla/5.0 (Windows NT 10.0; Win64; x64) AppleWebKit/537.36 (KHTML, like Gecko) Chrome/149.0.0.0 Safari/537.36\"","service":"school-management","timestamp":"2026-07-04T14:24:39.791Z"}
{"level":"info","message":"User authenticated: admin@schoolted.com (ADMIN)","service":"school-management","timestamp":"2026-07-04T14:29:11.049Z"}
{"level":"info","message":"::1 - - [04/Jul/2026:14:29:11 +0000] \"GET /api/auth/session HTTP/1.1\" 304 - \"http://localhost:5173/\" \"Mozilla/5.0 (Windows NT 10.0; Win64; x64) AppleWebKit/537.36 (KHTML, like Gecko) Chrome/149.0.0.0 Safari/537.36\"","service":"school-management","timestamp":"2026-07-04T14:29:11.052Z"}
{"level":"info","message":"User authenticated: admin@schoolted.com (ADMIN)","service":"school-management","timestamp":"2026-07-04T14:30:08.064Z"}
{"level":"info","message":"::1 - - [04/Jul/2026:14:30:08 +0000] \"GET /api/auth/session HTTP/1.1\" 304 - \"http://localhost:5173/\" \"Mozilla/5.0 (Windows NT 10.0; Win64; x64) AppleWebKit/537.36 (KHTML, like Gecko) Chrome/149.0.0.0 Safari/537.36\"","service":"school-management","timestamp":"2026-07-04T14:30:08.066Z"}
{"level":"info","message":"User authenticated: admin@schoolted.com (ADMIN)","service":"school-management","timestamp":"2026-07-04T14:51:14.085Z"}
{"level":"error","message":"Error fetching profile: next is not a function","service":"school-management","timestamp":"2026-07-04T14:51:14.113Z"}
{"level":"info","message":"::1 - - [04/Jul/2026:14:51:14 +0000] \"GET /api/profile HTTP/1.1\" 500 799 \"http://localhost:5173/\" \"Mozilla/5.0 (Windows NT 10.0; Win64; x64) AppleWebKit/537.36 (KHTML, like Gecko) Chrome/149.0.0.0 Safari/537.36\"","service":"school-management","timestamp":"2026-07-04T14:51:14.126Z"}
{"level":"info","message":"User authenticated: admin@schoolted.com (ADMIN)","service":"school-management","timestamp":"2026-07-04T14:52:42.057Z"}
{"level":"error","message":"Error fetching profile: next is not a function","service":"school-management","timestamp":"2026-07-04T14:52:42.058Z"}
{"level":"info","message":"::1 - - [04/Jul/2026:14:52:42 +0000] \"GET /api/profile HTTP/1.1\" 500 799 \"http://localhost:5173/\" \"Mozilla/5.0 (Windows NT 10.0; Win64; x64) AppleWebKit/537.36 (KHTML, like Gecko) Chrome/149.0.0.0 Safari/537.36\"","service":"school-management","timestamp":"2026-07-04T14:52:42.060Z"}
{"level":"info","message":"User authenticated: admin@schoolted.com (ADMIN)","service":"school-management","timestamp":"2026-07-04T14:54:26.060Z"}
{"level":"error","message":"Error fetching profile: next is not a function","service":"school-management","timestamp":"2026-07-04T14:54:26.062Z"}
{"level":"info","message":"::1 - - [04/Jul/2026:14:54:26 +0000] \"GET /api/profile HTTP/1.1\" 500 799 \"http://localhost:5173/\" \"Mozilla/5.0 (Windows NT 10.0; Win64; x64) AppleWebKit/537.36 (KHTML, like Gecko) Chrome/149.0.0.0 Safari/537.36\"","service":"school-management","timestamp":"2026-07-04T14:54:26.065Z"}
